#-----------------------------------------------------------
# Vivado v2020.1 (64-bit)
# SW Build 2902540 on Wed May 27 19:54:49 MDT 2020
# IP Build 2902112 on Wed May 27 22:43:36 MDT 2020
# Start of session at: Wed Apr 27 10:03:11 2022
# Process ID: 8344
# Current directory: D:/Documents/xkudel13/digital-electronics-1/labs/project_3
# Command line: vivado.exe -gui_launcher_event rodinguilauncherevent11112 D:\Documents\xkudel13\digital-electronics-1\labs\project_3\project_3.xpr
# Log file: D:/Documents/xkudel13/digital-electronics-1/labs/project_3/vivado.log
# Journal file: D:/Documents/xkudel13/digital-electronics-1/labs/project_3\vivado.jou
#-----------------------------------------------------------
start_gui
open_project D:/Documents/xkudel13/digital-electronics-1/labs/project_3/project_3.xpr
update_compile_order -fileset sources_1
reset_run impl_1 -prev_step 
launch_runs impl_1 -to_step write_bitstream -jobs 2
wait_on_run impl_1
reset_run impl_1 -prev_step 
reset_run synth_1
launch_runs impl_1 -to_step write_bitstream -jobs 2
wait_on_run impl_1
open_hw_manager
connect_hw_server -allow_non_jtag
open_hw_target
set_property PROGRAM.FILE {D:/Documents/xkudel13/digital-electronics-1/labs/project_3/project_3.runs/impl_1/top.bit} [get_hw_devices xc7a50t_0]
current_hw_device [get_hw_devices xc7a50t_0]
refresh_hw_device -update_hw_probes false [lindex [get_hw_devices xc7a50t_0] 0]
set_property PROBES.FILE {} [get_hw_devices xc7a50t_0]
set_property FULL_PROBES.FILE {} [get_hw_devices xc7a50t_0]
set_property PROGRAM.FILE {D:/Documents/xkudel13/digital-electronics-1/labs/project_3/project_3.runs/impl_1/top.bit} [get_hw_devices xc7a50t_0]
program_hw_devices [get_hw_devices xc7a50t_0]
refresh_hw_device [lindex [get_hw_devices xc7a50t_0] 0]
close_hw_manager
